09:51:31:853  INFO 20148 --- [main] com.hmall.HMallApplication               : Starting HMallApplication using Java 17 on Meidaia with PID 20148 (C:\Users\meida\IdeaProjects\hmall\hm-service\target\classes started by meida in C:\Users\meida\IdeaProjects\hmall)
09:51:31:859 DEBUG 20148 --- [main] com.hmall.HMallApplication               : Running with Spring Boot v2.7.12, Spring v5.3.27
09:51:31:859  INFO 20148 --- [main] com.hmall.HMallApplication               : The following 1 profile is active: "local"
09:51:33:577  INFO 20148 --- [main] .s.d.r.c.RepositoryConfigurationDelegate : Multiple Spring Data modules found, entering strict repository configuration mode
09:51:33:582  INFO 20148 --- [main] .s.d.r.c.RepositoryConfigurationDelegate : Bootstrapping Spring Data Redis repositories in DEFAULT mode.
09:51:33:666  INFO 20148 --- [main] .s.d.r.c.RepositoryConfigurationDelegate : Finished Spring Data repository scanning in 57 ms. Found 0 Redis repository interfaces.
09:51:34:085  INFO 20148 --- [main] o.s.cloud.context.scope.GenericScope     : BeanFactory id=08a8ca9e-d1a9-3226-aed6-24eb7e60fe94
09:51:35:009  INFO 20148 --- [main] o.s.b.w.embedded.tomcat.TomcatWebServer  : Tomcat initialized with port(s): 8080 (http)
09:51:35:039  INFO 20148 --- [main] o.apache.catalina.core.StandardService   : Starting service [Tomcat]
09:51:35:040  INFO 20148 --- [main] org.apache.catalina.core.StandardEngine  : Starting Servlet engine: [Apache Tomcat/9.0.75]
09:51:35:373  INFO 20148 --- [main] o.a.c.c.C.[Tomcat].[localhost].[/]       : Initializing Spring embedded WebApplicationContext
09:51:35:373  INFO 20148 --- [main] w.s.c.ServletWebServerApplicationContext : Root WebApplicationContext: initialization completed in 3434 ms
09:51:39:824  INFO 20148 --- [main] pertySourcedRequestMappingHandlerMapping : Mapped URL path [/v2/api-docs] onto method [springfox.documentation.swagger2.web.Swagger2ControllerWebMvc#getDocumentation(String, HttpServletRequest)]
09:51:41:452  INFO 20148 --- [main] o.s.b.w.embedded.tomcat.TomcatWebServer  : Tomcat started on port(s): 8080 (http) with context path ''
09:51:41:779  INFO 20148 --- [main] d.s.w.p.DocumentationPluginsBootstrapper : Documentation plugins bootstrapped
09:51:41:784  INFO 20148 --- [main] d.s.w.p.DocumentationPluginsBootstrapper : Found 1 custom documentation plugin(s)
09:51:41:867  INFO 20148 --- [main] s.d.s.w.s.ApiListingReferenceScanner     : Scanning for api listing references
09:51:42:307  INFO 20148 --- [main] com.hmall.HMallApplication               : Started HMallApplication in 11.445 seconds (JVM running for 12.639)
09:55:12:733  INFO 20904 --- [main] com.hmall.HMallApplication               : Starting HMallApplication using Java 17 on Meidaia with PID 20904 (C:\Users\meida\IdeaProjects\hmall\hm-service\target\classes started by meida in C:\Users\meida\IdeaProjects\hmall)
09:55:12:735 DEBUG 20904 --- [main] com.hmall.HMallApplication               : Running with Spring Boot v2.7.12, Spring v5.3.27
09:55:12:736  INFO 20904 --- [main] com.hmall.HMallApplication               : The following 1 profile is active: "local"
09:55:14:455  INFO 20904 --- [main] .s.d.r.c.RepositoryConfigurationDelegate : Multiple Spring Data modules found, entering strict repository configuration mode
09:55:14:461  INFO 20904 --- [main] .s.d.r.c.RepositoryConfigurationDelegate : Bootstrapping Spring Data Redis repositories in DEFAULT mode.
09:55:14:555  INFO 20904 --- [main] .s.d.r.c.RepositoryConfigurationDelegate : Finished Spring Data repository scanning in 59 ms. Found 0 Redis repository interfaces.
09:55:14:967  INFO 20904 --- [main] o.s.cloud.context.scope.GenericScope     : BeanFactory id=08a8ca9e-d1a9-3226-aed6-24eb7e60fe94
09:55:15:919  INFO 20904 --- [main] o.s.b.w.embedded.tomcat.TomcatWebServer  : Tomcat initialized with port(s): 8080 (http)
09:55:15:937  INFO 20904 --- [main] o.apache.catalina.core.StandardService   : Starting service [Tomcat]
09:55:15:938  INFO 20904 --- [main] org.apache.catalina.core.StandardEngine  : Starting Servlet engine: [Apache Tomcat/9.0.75]
09:55:16:235  INFO 20904 --- [main] o.a.c.c.C.[Tomcat].[localhost].[/]       : Initializing Spring embedded WebApplicationContext
09:55:16:235  INFO 20904 --- [main] w.s.c.ServletWebServerApplicationContext : Root WebApplicationContext: initialization completed in 3435 ms
09:55:18:906  INFO 20904 --- [main] pertySourcedRequestMappingHandlerMapping : Mapped URL path [/v2/api-docs] onto method [springfox.documentation.swagger2.web.Swagger2ControllerWebMvc#getDocumentation(String, HttpServletRequest)]
09:55:19:868  INFO 20904 --- [main] o.s.b.w.embedded.tomcat.TomcatWebServer  : Tomcat started on port(s): 8080 (http) with context path ''
09:55:20:079  INFO 20904 --- [main] d.s.w.p.DocumentationPluginsBootstrapper : Documentation plugins bootstrapped
09:55:20:083  INFO 20904 --- [main] d.s.w.p.DocumentationPluginsBootstrapper : Found 1 custom documentation plugin(s)
09:55:20:122  INFO 20904 --- [main] s.d.s.w.s.ApiListingReferenceScanner     : Scanning for api listing references
09:55:20:438  INFO 20904 --- [main] com.hmall.HMallApplication               : Started HMallApplication in 8.813 seconds (JVM running for 10.254)
10:18:44:672  INFO 18496 --- [main] com.hmall.HMallApplication               : Starting HMallApplication using Java 17 on Meidaia with PID 18496 (C:\Users\meida\IdeaProjects\hmall\hm-service\target\classes started by meida in C:\Users\meida\IdeaProjects\hmall)
10:18:44:673 DEBUG 18496 --- [main] com.hmall.HMallApplication               : Running with Spring Boot v2.7.12, Spring v5.3.27
10:18:44:673  INFO 18496 --- [main] com.hmall.HMallApplication               : The following 1 profile is active: "local"
10:18:45:861  INFO 18496 --- [main] .s.d.r.c.RepositoryConfigurationDelegate : Multiple Spring Data modules found, entering strict repository configuration mode
10:18:45:865  INFO 18496 --- [main] .s.d.r.c.RepositoryConfigurationDelegate : Bootstrapping Spring Data Redis repositories in DEFAULT mode.
10:18:45:915  INFO 18496 --- [main] .s.d.r.c.RepositoryConfigurationDelegate : Finished Spring Data repository scanning in 31 ms. Found 0 Redis repository interfaces.
10:18:46:192  INFO 18496 --- [main] o.s.cloud.context.scope.GenericScope     : BeanFactory id=08a8ca9e-d1a9-3226-aed6-24eb7e60fe94
10:18:46:753  INFO 18496 --- [main] o.s.b.w.embedded.tomcat.TomcatWebServer  : Tomcat initialized with port(s): 8080 (http)
10:18:46:765  INFO 18496 --- [main] o.apache.catalina.core.StandardService   : Starting service [Tomcat]
10:18:46:765  INFO 18496 --- [main] org.apache.catalina.core.StandardEngine  : Starting Servlet engine: [Apache Tomcat/9.0.75]
10:18:46:951  INFO 18496 --- [main] o.a.c.c.C.[Tomcat].[localhost].[/]       : Initializing Spring embedded WebApplicationContext
10:18:46:951  INFO 18496 --- [main] w.s.c.ServletWebServerApplicationContext : Root WebApplicationContext: initialization completed in 2214 ms
10:18:48:577  INFO 18496 --- [main] pertySourcedRequestMappingHandlerMapping : Mapped URL path [/v2/api-docs] onto method [springfox.documentation.swagger2.web.Swagger2ControllerWebMvc#getDocumentation(String, HttpServletRequest)]
10:18:49:187  INFO 18496 --- [main] o.s.b.w.embedded.tomcat.TomcatWebServer  : Tomcat started on port(s): 8080 (http) with context path ''
10:18:49:331  INFO 18496 --- [main] d.s.w.p.DocumentationPluginsBootstrapper : Documentation plugins bootstrapped
10:18:49:335  INFO 18496 --- [main] d.s.w.p.DocumentationPluginsBootstrapper : Found 1 custom documentation plugin(s)
10:18:49:366  INFO 18496 --- [main] s.d.s.w.s.ApiListingReferenceScanner     : Scanning for api listing references
10:18:49:565  INFO 18496 --- [main] com.hmall.HMallApplication               : Started HMallApplication in 5.904 seconds (JVM running for 7.037)
